// Jest Snapshot v1, https://goo.gl/fbAQLP

exports[`renders without crashing 1`] = `
<View
  style={
    Object {
      "backgroundColor": "#fff",
      "flex": 1,
    }
  }
>
  <View
    style={
      Array [
        Object {
          "backgroundColor": "#393e42",
          "borderBottomColor": "#000",
          "borderBottomWidth": 1,
          "borderTopColor": "#000",
          "borderTopWidth": 1,
        },
        Object {
          "backgroundColor": "#e1e8ee",
          "borderBottomColor": "#e1e1e1",
          "borderTopColor": "#e1e1e1",
        },
        undefined,
      ]
    }
  >
    <TextInput
      placeholder=""
      placeholderTextColor="#86939e"
      style={
        Array [
          Object {
            "backgroundColor": "#303337",
            "borderRadius": 3,
            "color": "#86939e",
            "fontSize": 17.5,
            "height": 30,
            "margin": 8,
            "overflow": "hidden",
            "paddingLeft": 26,
            "paddingRight": 19,
          },
          Object {
            "backgroundColor": "#bdc6cf",
          },
          Object {
            "paddingLeft": 9,
          },
          false,
          undefined,
          undefined,
          false,
        ]
      }
      underlineColorAndroid="transparent"
    />
  </View>
  <RCTScrollView
    data={undefined}
    disableVirtualization={false}
    getItem={[Function]}
    getItemCount={[Function]}
    horizontal={false}
    initialNumToRender={10}
    keyExtractor={[Function]}
    maxToRenderPerBatch={10}
    numColumns={1}
    onContentSizeChange={[Function]}
    onEndReachedThreshold={2}
    onLayout={[Function]}
    onMomentumScrollEnd={[Function]}
    onScroll={[Function]}
    onScrollBeginDrag={[Function]}
    onScrollEndDrag={[Function]}
    onViewableItemsChanged={undefined}
    renderItem={[Function]}
    renderScrollComponent={[Function]}
    scrollEventThrottle={50}
    stickyHeaderIndices={Array []}
    updateCellsBatchingPeriod={50}
    windowSize={21}
  >
    <View />
  </RCTScrollView>
</View>
`;
